C:\Users\oflat\Desktop\Polar Invaders Emil\Polar Invaders.py
C:\Users\oflat\Desktop\Polar Invaders.py
C:\Users\oflat\Downloads\Game!.py
C:\Users\oflat\Desktop\Space Invaders\spaceInvaders.py
C:\Users\oflat\Desktop\Space Invaders\setup.py
C:\Users\oflat\Desktop\Space Inavders\Kirby's Star Rush.py
C:\Users\oflat\Desktop\Space Inavders\setup.py
C:\Users\oflat\Desktop\Space Invaders Grahm\setup.py
C:\Users\oflat\Desktop\Space Invaders Grahm\Gotham Invaders.py
C:\Users\oflat\Desktop\Drake Invaders\DrakeInvaders.py
C:\Users\oflat\Desktop\Drake Invaders\setup.py
C:\Users\oflat\Desktop\Drake Invaders\build\exe.win32-3.4\setup.py
C:\Users\oflat\Desktop\testproject\testgame.py
C:\Users\oflat\Desktop\testproject\recolor.py
C:\Users\oflat\Desktop\testproject\playsound.py
C:\Users\oflat\Desktop\testproject\displaypicture.py
C:\Users\oflat\Desktop\test1.py
C:\Users\oflat\Desktop\Lance Mitton Pacman Space Invaders\setup.py
C:\Users\oflat\Desktop\ZCentral\setup.py
C:\Users\oflat\Desktop\ZCentral\Zcentral.py
C:\Users\oflat\Desktop\Polar Invaders Emil\setup.py
